Copyright 1986-2022 Xilinx, Inc. All Rights Reserved. Copyright 2022-2025 Advanced Micro Devices, Inc. All Rights Reserved.
---------------------------------------------------------------------------------------------------------------------------------------------
| Tool Version : Vivado v.2025.1 (lin64) Build 6140274 Wed May 21 22:58:25 MDT 2025
| Date         : Thu Aug  6 10:49:41 2026
| Host         : eecs-digital-03 running 64-bit Ubuntu 24.04.3 LTS
| Command      : report_timing -file obj/post_synth_timing.rpt
| Design       : top_level
| Device       : 7s50-csga324
| Speed File   : -1  PRODUCTION 1.23 2018-06-13
| Design State : Synthesized
---------------------------------------------------------------------------------------------------------------------------------------------

Timing Report

Slack (MET) :             5.437ns  (required time - arrival time)
  Source:                 ssi_inst/clk_counter_reg[0]/C
                            (rising edge-triggered cell FDRE clocked by gclk  {rise@0.000ns fall@4.000ns period=10.000ns})
  Destination:            ssi_inst/FSM_sequential_state_reg[0]/D
                            (rising edge-triggered cell FDRE clocked by gclk  {rise@0.000ns fall@4.000ns period=10.000ns})
  Path Group:             gclk
  Path Type:              Setup (Max at Slow Process Corner)
  Requirement:            10.000ns  (gclk rise@10.000ns - gclk rise@0.000ns)
  Data Path Delay:        4.412ns  (logic 1.123ns (25.453%)  route 3.289ns (74.547%))
  Logic Levels:           4  (LUT2=1 LUT6=3)
  Clock Path Skew:        -0.145ns (DCD - SCD + CPR)
    Destination Clock Delay (DCD):    2.660ns = ( 12.660 - 10.000 ) 
    Source Clock Delay      (SCD):    2.920ns
    Clock Pessimism Removal (CPR):    0.115ns
  Clock Uncertainty:      0.035ns  ((TSJ^2 + TIJ^2)^1/2 + DJ) / 2 + PE
    Total System Jitter     (TSJ):    0.071ns
    Total Input Jitter      (TIJ):    0.000ns
    Discrete Jitter          (DJ):    0.000ns
    Phase Error              (PE):    0.000ns

    Location             Delay type                Incr(ns)  Path(ns)    Netlist Resource(s)
  -------------------------------------------------------------------    -------------------
                         (clock gclk rise edge)       0.000     0.000 r  
    N15                                               0.000     0.000 r  clk_100mhz (IN)
                         net (fo=0)                   0.000     0.000    clk_100mhz
    N15                  IBUF (Prop_ibuf_I_O)         1.440     1.440 r  clk_100mhz_IBUF_inst/O
                         net (fo=1, unplaced)         0.800     2.240    clk_100mhz_IBUF
                         BUFG (Prop_bufg_I_O)         0.096     2.336 r  clk_100mhz_IBUF_BUFG_inst/O
                         net (fo=287, unplaced)       0.584     2.920    ssi_inst/clk_100mhz_IBUF_BUFG
                         FDRE                                         r  ssi_inst/clk_counter_reg[0]/C
  -------------------------------------------------------------------    -------------------
                         FDRE (Prop_fdre_C_Q)         0.456     3.376 r  ssi_inst/clk_counter_reg[0]/Q
                         net (fo=7, unplaced)         1.000     4.376    ssi_inst/clk_counter_reg_n_0_[0]
                         LUT6 (Prop_lut6_I0_O)        0.295     4.671 r  ssi_inst/timer[11]_i_6/O
                         net (fo=3, unplaced)         0.920     5.591    ssi_inst/timer[11]_i_6_n_0
                         LUT6 (Prop_lut6_I0_O)        0.124     5.715 r  ssi_inst/FSM_sequential_state[2]_i_4/O
                         net (fo=1, unplaced)         0.902     6.617    ssi_inst/FSM_sequential_state[2]_i_4_n_0
                         LUT6 (Prop_lut6_I1_O)        0.124     6.741 r  ssi_inst/FSM_sequential_state[2]_i_3/O
                         net (fo=3, unplaced)         0.467     7.208    ssi_inst/FSM_sequential_state[2]_i_3_n_0
                         LUT2 (Prop_lut2_I0_O)        0.124     7.332 r  ssi_inst/FSM_sequential_state[0]_i_1/O
                         net (fo=1, unplaced)         0.000     7.332    ssi_inst/FSM_sequential_state[0]_i_1_n_0
                         FDRE                                         r  ssi_inst/FSM_sequential_state_reg[0]/D
  -------------------------------------------------------------------    -------------------

                         (clock gclk rise edge)      10.000    10.000 r  
    N15                                               0.000    10.000 r  clk_100mhz (IN)
                         net (fo=0)                   0.000    10.000    clk_100mhz
    N15                  IBUF (Prop_ibuf_I_O)         1.370    11.370 r  clk_100mhz_IBUF_inst/O
                         net (fo=1, unplaced)         0.760    12.130    clk_100mhz_IBUF
                         BUFG (Prop_bufg_I_O)         0.091    12.221 r  clk_100mhz_IBUF_BUFG_inst/O
                         net (fo=287, unplaced)       0.439    12.660    ssi_inst/clk_100mhz_IBUF_BUFG
                         FDRE                                         r  ssi_inst/FSM_sequential_state_reg[0]/C
                         clock pessimism              0.115    12.775    
                         clock uncertainty           -0.035    12.740    
                         FDRE (Setup_fdre_C_D)        0.029    12.769    ssi_inst/FSM_sequential_state_reg[0]
  -------------------------------------------------------------------
                         required time                         12.769    
                         arrival time                          -7.332    
  -------------------------------------------------------------------
                         slack                                  5.437    




