Copyright 1986-2022 Xilinx, Inc. All Rights Reserved. Copyright 2022-2025 Advanced Micro Devices, Inc. All Rights Reserved.
---------------------------------------------------------------------------------------------------------------------------------------------
| Tool Version : Vivado v.2025.1 (lin64) Build 6140274 Wed May 21 22:58:25 MDT 2025
| Date         : Wed Apr 29 15:47:08 2026
| Host         : eecs-digital-16 running 64-bit Ubuntu 24.04.3 LTS
| Command      : report_timing -file obj/post_place_timing.rpt
| Design       : top_level
| Device       : 7s50-csga324
| Speed File   : -1  PRODUCTION 1.23 2018-06-13
| Design State : Fully Placed
---------------------------------------------------------------------------------------------------------------------------------------------

Timing Report

Slack (MET) :             4.293ns  (required time - arrival time)
  Source:                 auto_trigger_counter_reg[23]/C
                            (rising edge-triggered cell FDRE clocked by gclk  {rise@0.000ns fall@4.000ns period=10.000ns})
  Destination:            auto_trigger_counter_reg[0]/R
                            (rising edge-triggered cell FDRE clocked by gclk  {rise@0.000ns fall@4.000ns period=10.000ns})
  Path Group:             gclk
  Path Type:              Setup (Max at Slow Process Corner)
  Requirement:            10.000ns  (gclk rise@10.000ns - gclk rise@0.000ns)
  Data Path Delay:        5.008ns  (logic 0.981ns (19.589%)  route 4.027ns (80.411%))
  Logic Levels:           4  (LUT2=1 LUT3=1 LUT5=1 LUT6=1)
  Clock Path Skew:        -0.028ns (DCD - SCD + CPR)
    Destination Clock Delay (DCD):    4.827ns = ( 14.827 - 10.000 ) 
    Source Clock Delay      (SCD):    5.108ns
    Clock Pessimism Removal (CPR):    0.254ns
  Clock Uncertainty:      0.035ns  ((TSJ^2 + TIJ^2)^1/2 + DJ) / 2 + PE
    Total System Jitter     (TSJ):    0.071ns
    Total Input Jitter      (TIJ):    0.000ns
    Discrete Jitter          (DJ):    0.000ns
    Phase Error              (PE):    0.000ns

    Location             Delay type                Incr(ns)  Path(ns)    Netlist Resource(s)
  -------------------------------------------------------------------    -------------------
                         (clock gclk rise edge)       0.000     0.000 r  
    N15                                               0.000     0.000 r  clk_100mhz (IN)
                         net (fo=0)                   0.000     0.000    clk_100mhz
    N15                  IBUF (Prop_ibuf_I_O)         1.440     1.440 r  clk_100mhz_IBUF_inst/O
                         net (fo=1, estimated)        1.972     3.412    clk_100mhz_IBUF
    BUFGCTRL_X0Y0        BUFG (Prop_bufg_I_O)         0.096     3.508 r  clk_100mhz_IBUF_BUFG_inst/O
                         net (fo=283, estimated)      1.600     5.108    clk_100mhz_IBUF_BUFG
    SLICE_X7Y75          FDRE                                         r  auto_trigger_counter_reg[23]/C
  -------------------------------------------------------------------    -------------------
    SLICE_X7Y75          FDRE (Prop_fdre_C_Q)         0.456     5.564 r  auto_trigger_counter_reg[23]/Q
                         net (fo=4, estimated)        0.970     6.534    auto_trigger_counter_reg[23]
    SLICE_X6Y74          LUT3 (Prop_lut3_I0_O)        0.124     6.658 r  auto_trigger_i_3/O
                         net (fo=2, estimated)        0.428     7.086    auto_trigger_i_3_n_0
    SLICE_X6Y73          LUT5 (Prop_lut5_I1_O)        0.124     7.210 r  auto_trigger_i_2/O
                         net (fo=1, estimated)        0.446     7.656    auto_trigger_i_2_n_0
    SLICE_X6Y74          LUT6 (Prop_lut6_I0_O)        0.124     7.780 r  auto_trigger_i_1/O
                         net (fo=2, estimated)        1.090     8.870    auto_trigger_i_1_n_0
    SLICE_X6Y77          LUT2 (Prop_lut2_I0_O)        0.153     9.023 r  auto_trigger_counter[0]_i_1/O
                         net (fo=24, estimated)       1.093    10.116    auto_trigger_counter[0]_i_1_n_0
    SLICE_X7Y70          FDRE                                         r  auto_trigger_counter_reg[0]/R
  -------------------------------------------------------------------    -------------------

                         (clock gclk rise edge)      10.000    10.000 r  
    N15                                               0.000    10.000 r  clk_100mhz (IN)
                         net (fo=0)                   0.000    10.000    clk_100mhz
    N15                  IBUF (Prop_ibuf_I_O)         1.370    11.370 r  clk_100mhz_IBUF_inst/O
                         net (fo=1, estimated)        1.873    13.244    clk_100mhz_IBUF
    BUFGCTRL_X0Y0        BUFG (Prop_bufg_I_O)         0.091    13.335 r  clk_100mhz_IBUF_BUFG_inst/O
                         net (fo=283, estimated)      1.492    14.827    clk_100mhz_IBUF_BUFG
    SLICE_X7Y70          FDRE                                         r  auto_trigger_counter_reg[0]/C
                         clock pessimism              0.254    15.080    
                         clock uncertainty           -0.035    15.045    
    SLICE_X7Y70          FDRE (Setup_fdre_C_R)       -0.636    14.409    auto_trigger_counter_reg[0]
  -------------------------------------------------------------------
                         required time                         14.409    
                         arrival time                         -10.116    
  -------------------------------------------------------------------
                         slack                                  4.293    




