Copyright 1986-2022 Xilinx, Inc. All Rights Reserved. Copyright 2022-2025 Advanced Micro Devices, Inc. All Rights Reserved.
---------------------------------------------------------------------------------------------------------------------------------------------
| Tool Version : Vivado v.2025.1 (lin64) Build 6140274 Wed May 21 22:58:25 MDT 2025
| Date         : Thu Aug  6 10:49:41 2026
| Host         : eecs-digital-03 running 64-bit Ubuntu 24.04.3 LTS
| Command      : report_utilization -file obj/post_synth_util.rpt -hierarchical -hierarchical_depth 4
| Design       : top_level
| Device       : xc7s50csga324-1
| Speed File   : -1
| Design State : Synthesized
---------------------------------------------------------------------------------------------------------------------------------------------

Utilization Design Information

Table of Contents
-----------------
1. Utilization by Hierarchy

1. Utilization by Hierarchy
---------------------------

+---------------+------------+------------+------------+---------+------+-----+--------+--------+------------+
|    Instance   |   Module   | Total LUTs | Logic LUTs | LUTRAMs | SRLs | FFs | RAMB36 | RAMB18 | DSP Blocks |
+---------------+------------+------------+------------+---------+------+-----+--------+--------+------------+
| top_level     |      (top) |        205 |        205 |       0 |    0 | 287 |      0 |      0 |          0 |
|   (top_level) |      (top) |         32 |         32 |       0 |    0 | 159 |      0 |      0 |          0 |
|   ssi_inst    | ssi_master |        105 |        105 |       0 |    0 |  95 |      0 |      0 |          0 |
+---------------+------------+------------+------------+---------+------+-----+--------+--------+------------+


