#-----------------------------------------------------------
# Vivado v2025.1 (64-bit)
# SW Build 6140274 on Wed May 21 22:58:25 MDT 2025
# IP Build 6138677 on Thu May 22 03:10:11 MDT 2025
# SharedData Build 6139179 on Tue May 20 17:58:58 MDT 2025
# Start of session at: Wed Apr 29 15:46:45 2026
# Process ID         : 2720710
# Current directory  : /home/fpga/worker_place/temp/temp/7ec3f0f6ce174be58ba3960c285282d0
# Command line       : vivado -mode batch -source build.tcl
# Log file           : /home/fpga/worker_place/temp/temp/7ec3f0f6ce174be58ba3960c285282d0/vivado.log
# Journal file       : /home/fpga/worker_place/temp/temp/7ec3f0f6ce174be58ba3960c285282d0/vivado.jou
# Running On         : eecs-digital-16
# Platform           : Ubuntu
# Operating System   : Ubuntu 24.04.3 LTS
# Processor Detail   : 13th Gen Intel(R) Core(TM) i7-13700
# CPU Frequency      : 800.000 MHz
# CPU Physical cores : 16
# CPU Logical cores  : 24
# Host memory        : 33325 MB
# Swap memory        : 8589 MB
# Total Virtual      : 41915 MB
# Available Virtual  : 39937 MB
#-----------------------------------------------------------
source build.tcl
# set_param general.maxThreads 4
# set partNum xc7s50csga324-1
# set outputDir obj
# file mkdir $outputDir
# set files [glob -nocomplain "$outputDir/*"]
# if {[llength $files] != 0} {
#     # clear folder contents
#     puts "deleting contents of $outputDir"
#     file delete -force {*}[glob -directory $outputDir *];
# } else {
#     puts "$outputDir is empty"
# }
obj is empty
# set sources_sv [ glob ./hdl/*.sv ]
# read_verilog -sv $sources_sv
# set sources_v [ glob -nocomplain ./hdl/*.v ]
# if {[llength $sources_v] > 0 } {
#     read_verilog $sources_v
# }
# read_xdc [ glob ./xdc/*.xdc ]
# set sources_mem [ glob -nocomplain ./data/*.mem ]
# if {[llength $sources_mem] > 0} {
#     read_mem $sources_mem
# }
# set_part $partNum
INFO: [Coretcl 2-1500] The part has been set to 'xc7s50csga324-1' for the current project only. Run set_part -help for more details. To evaluate different speed grades in the current design, use the set_speed_grade command, or use the open_checkpoint -part command to change the part used by an existing checkpoint design.
# set sources_ip [ glob -nocomplain -directory ./ip -tails * ]
# puts $sources_ip

# foreach ip_source $sources_ip {
#     if {[file isdirectory ./ip/$ip_source]} {
# 	read_ip ./ip/$ip_source/$ip_source.xci
#     }
# }
WARNING: [Coretcl 2-176] No IPs found
# generate_target all [get_ips]
WARNING: [Coretcl 2-176] No IPs found
# synth_ip [get_ips]
INFO: [Vivado 12-3441] generate_netlist_ip - operation complete
# synth_design -top top_level -part $partNum -verbose
Command: synth_design -top top_level -part xc7s50csga324-1 -verbose
Starting synth_design
Attempting to get a license for feature 'Synthesis' and/or device 'xc7s50'
INFO: [Common 17-349] Got license for feature 'Synthesis' and/or device 'xc7s50'
INFO: [Device 21-403] Loading part xc7s50csga324-1
INFO: [Synth 8-7079] Multithreading enabled for synth_design using a maximum of 4 processes.
INFO: [Synth 8-7078] Launching helper process for spawning children vivado processes
INFO: [Synth 8-7075] Helper process launched with PID 2720736
---------------------------------------------------------------------------------
Starting RTL Elaboration : Time (s): cpu = 00:00:02 ; elapsed = 00:00:02 . Memory (MB): peak = 2108.547 ; gain = 439.742 ; free physical = 18086 ; free virtual = 36767
---------------------------------------------------------------------------------
WARNING: [Synth 8-11065] parameter 'MAX_IDX' becomes localparam in 'spi_peripheral' with formal parameter declaration list [/home/fpga/worker_place/temp/temp/7ec3f0f6ce174be58ba3960c285282d0/hdl/spi_peripheral.sv:19]
WARNING: [Synth 8-11121] redeclaration of ANSI port 'spi_packet_ready' is not allowed [/home/fpga/worker_place/temp/temp/7ec3f0f6ce174be58ba3960c285282d0/hdl/top_level.sv:203]
WARNING: [Synth 8-11065] parameter 'MAX_IDX' becomes localparam in 'spi_con' with formal parameter declaration list [/home/fpga/worker_place/temp/temp/7ec3f0f6ce174be58ba3960c285282d0/hdl/spi_con.sv:20]
WARNING: [Synth 8-11065] parameter 'DUTY' becomes localparam in 'spi_con' with formal parameter declaration list [/home/fpga/worker_place/temp/temp/7ec3f0f6ce174be58ba3960c285282d0/hdl/spi_con.sv:21]
INFO: [Synth 8-6157] synthesizing module 'top_level' [/home/fpga/worker_place/temp/temp/7ec3f0f6ce174be58ba3960c285282d0/hdl/top_level.sv:3]
INFO: [Synth 8-6157] synthesizing module 'ssi_master' [/home/fpga/worker_place/temp/temp/7ec3f0f6ce174be58ba3960c285282d0/hdl/ssi_master.sv:3]
	Parameter CLK_FREQ_MHZ bound to: 100 - type: integer 
	Parameter POSITION_BITS bound to: 19 - type: integer 
	Parameter STATUS_BITS bound to: 10 - type: integer 
	Parameter TOTAL_BITS bound to: 30 - type: integer 
INFO: [Synth 8-6155] done synthesizing module 'ssi_master' (0#1) [/home/fpga/worker_place/temp/temp/7ec3f0f6ce174be58ba3960c285282d0/hdl/ssi_master.sv:3]
INFO: [Synth 8-6157] synthesizing module 'spi_peripheral' [/home/fpga/worker_place/temp/temp/7ec3f0f6ce174be58ba3960c285282d0/hdl/spi_peripheral.sv:4]
	Parameter DATA_WIDTH bound to: 8 - type: integer 
INFO: [Synth 8-6155] done synthesizing module 'spi_peripheral' (0#1) [/home/fpga/worker_place/temp/temp/7ec3f0f6ce174be58ba3960c285282d0/hdl/spi_peripheral.sv:4]
INFO: [Synth 8-6157] synthesizing module 'uart_transmit' [/home/fpga/worker_place/temp/temp/7ec3f0f6ce174be58ba3960c285282d0/hdl/uart_transmit.sv:4]
	Parameter INPUT_CLOCK_FREQ bound to: 100000000 - type: integer 
	Parameter BAUD_RATE bound to: 115200 - type: integer 
INFO: [Synth 8-6155] done synthesizing module 'uart_transmit' (0#1) [/home/fpga/worker_place/temp/temp/7ec3f0f6ce174be58ba3960c285282d0/hdl/uart_transmit.sv:4]
INFO: [Synth 8-6155] done synthesizing module 'top_level' (0#1) [/home/fpga/worker_place/temp/temp/7ec3f0f6ce174be58ba3960c285282d0/hdl/top_level.sv:3]
WARNING: [Synth 8-6014] Unused sequential element current_data_out_reg was removed.  [/home/fpga/worker_place/temp/temp/7ec3f0f6ce174be58ba3960c285282d0/hdl/spi_peripheral.sv:56]
WARNING: [Synth 8-6014] Unused sequential element spi_shift_reg_reg was removed.  [/home/fpga/worker_place/temp/temp/7ec3f0f6ce174be58ba3960c285282d0/hdl/top_level.sv:213]
WARNING: [Synth 8-3917] design top_level has port rgb1[2] driven by constant 0
WARNING: [Synth 8-3917] design top_level has port rgb1[0] driven by constant 0
WARNING: [Synth 8-7129] Port copi in module spi_peripheral is either unconnected or has no load
WARNING: [Synth 8-7129] Port ssi_clk_freq_khz[9] in module ssi_master is either unconnected or has no load
WARNING: [Synth 8-7129] Port ssi_clk_freq_khz[8] in module ssi_master is either unconnected or has no load
WARNING: [Synth 8-7129] Port ssi_clk_freq_khz[7] in module ssi_master is either unconnected or has no load
WARNING: [Synth 8-7129] Port ssi_clk_freq_khz[6] in module ssi_master is either unconnected or has no load
WARNING: [Synth 8-7129] Port ssi_clk_freq_khz[5] in module ssi_master is either unconnected or has no load
WARNING: [Synth 8-7129] Port ssi_clk_freq_khz[4] in module ssi_master is either unconnected or has no load
WARNING: [Synth 8-7129] Port ssi_clk_freq_khz[3] in module ssi_master is either unconnected or has no load
WARNING: [Synth 8-7129] Port ssi_clk_freq_khz[2] in module ssi_master is either unconnected or has no load
WARNING: [Synth 8-7129] Port ssi_clk_freq_khz[1] in module ssi_master is either unconnected or has no load
WARNING: [Synth 8-7129] Port ssi_clk_freq_khz[0] in module ssi_master is either unconnected or has no load
WARNING: [Synth 8-7129] Port ssi_data_n in module ssi_master is either unconnected or has no load
WARNING: [Synth 8-7129] Port sw[14] in module top_level is either unconnected or has no load
WARNING: [Synth 8-7129] Port sw[13] in module top_level is either unconnected or has no load
WARNING: [Synth 8-7129] Port sw[12] in module top_level is either unconnected or has no load
WARNING: [Synth 8-7129] Port sw[11] in module top_level is either unconnected or has no load
WARNING: [Synth 8-7129] Port sw[10] in module top_level is either unconnected or has no load
WARNING: [Synth 8-7129] Port sw[9] in module top_level is either unconnected or has no load
WARNING: [Synth 8-7129] Port sw[8] in module top_level is either unconnected or has no load
WARNING: [Synth 8-7129] Port sw[7] in module top_level is either unconnected or has no load
WARNING: [Synth 8-7129] Port sw[6] in module top_level is either unconnected or has no load
WARNING: [Synth 8-7129] Port sw[5] in module top_level is either unconnected or has no load
WARNING: [Synth 8-7129] Port sw[4] in module top_level is either unconnected or has no load
WARNING: [Synth 8-7129] Port sw[3] in module top_level is either unconnected or has no load
WARNING: [Synth 8-7129] Port sw[2] in module top_level is either unconnected or has no load
WARNING: [Synth 8-7129] Port sw[1] in module top_level is either unconnected or has no load
WARNING: [Synth 8-7129] Port sw[0] in module top_level is either unconnected or has no load
WARNING: [Synth 8-7129] Port btn[3] in module top_level is either unconnected or has no load
WARNING: [Synth 8-7129] Port btn[2] in module top_level is either unconnected or has no load
WARNING: [Synth 8-7129] Port uart_rxd in module top_level is either unconnected or has no load
---------------------------------------------------------------------------------
Finished RTL Elaboration : Time (s): cpu = 00:00:03 ; elapsed = 00:00:03 . Memory (MB): peak = 2185.516 ; gain = 516.711 ; free physical = 17995 ; free virtual = 36677
---------------------------------------------------------------------------------
---------------------------------------------------------------------------------
Start Handling Custom Attributes
---------------------------------------------------------------------------------
---------------------------------------------------------------------------------
Finished Handling Custom Attributes : Time (s): cpu = 00:00:03 ; elapsed = 00:00:03 . Memory (MB): peak = 2203.328 ; gain = 534.523 ; free physical = 17995 ; free virtual = 36677
---------------------------------------------------------------------------------
---------------------------------------------------------------------------------
Finished RTL Optimization Phase 1 : Time (s): cpu = 00:00:03 ; elapsed = 00:00:03 . Memory (MB): peak = 2203.328 ; gain = 534.523 ; free physical = 17995 ; free virtual = 36677
---------------------------------------------------------------------------------
Netlist sorting complete. Time (s): cpu = 00:00:00 ; elapsed = 00:00:00.01 . Memory (MB): peak = 2203.328 ; gain = 0.000 ; free physical = 17995 ; free virtual = 36677
INFO: [Project 1-570] Preparing netlist for logic optimization

Processing XDC Constraints
Initializing timing engine
Parsing XDC File [/home/fpga/worker_place/temp/temp/7ec3f0f6ce174be58ba3960c285282d0/xdc/top_level.xdc]
Finished Parsing XDC File [/home/fpga/worker_place/temp/temp/7ec3f0f6ce174be58ba3960c285282d0/xdc/top_level.xdc]
INFO: [Project 1-236] Implementation specific constraints were found while reading constraint file [/home/fpga/worker_place/temp/temp/7ec3f0f6ce174be58ba3960c285282d0/xdc/top_level.xdc]. These constraints will be ignored for synthesis but will be used in implementation. Impacted constraints are listed in the file [.Xil/top_level_propImpl.xdc].
Resolution: To avoid this warning, move constraints listed in [.Xil/top_level_propImpl.xdc] to another XDC file and exclude this new file from synthesis with the used_in_synthesis property (File Properties dialog in GUI) and re-run elaboration/synthesis.
Completed Processing XDC Constraints

Netlist sorting complete. Time (s): cpu = 00:00:00 ; elapsed = 00:00:00 . Memory (MB): peak = 2330.066 ; gain = 0.000 ; free physical = 17999 ; free virtual = 36681
INFO: [Project 1-111] Unisim Transformation Summary:
No Unisim elements were transformed.

Constraint Validation Runtime : Time (s): cpu = 00:00:00 ; elapsed = 00:00:00.01 . Memory (MB): peak = 2330.102 ; gain = 0.000 ; free physical = 17999 ; free virtual = 36681
---------------------------------------------------------------------------------
Finished Constraint Validation : Time (s): cpu = 00:00:06 ; elapsed = 00:00:06 . Memory (MB): peak = 2330.102 ; gain = 661.297 ; free physical = 18024 ; free virtual = 36706
---------------------------------------------------------------------------------
---------------------------------------------------------------------------------
Start Loading Part and Timing Information
---------------------------------------------------------------------------------
Loading part: xc7s50csga324-1
---------------------------------------------------------------------------------
Finished Loading Part and Timing Information : Time (s): cpu = 00:00:06 ; elapsed = 00:00:06 . Memory (MB): peak = 2338.070 ; gain = 669.266 ; free physical = 18024 ; free virtual = 36706
---------------------------------------------------------------------------------
---------------------------------------------------------------------------------
Start Applying 'set_property' XDC Constraints
---------------------------------------------------------------------------------
---------------------------------------------------------------------------------
Finished applying 'set_property' XDC Constraints : Time (s): cpu = 00:00:06 ; elapsed = 00:00:06 . Memory (MB): peak = 2338.070 ; gain = 669.266 ; free physical = 18024 ; free virtual = 36706
---------------------------------------------------------------------------------
INFO: [Synth 8-802] inferred FSM for state register 'state_reg' in module 'ssi_master'
---------------------------------------------------------------------------------------------------
                   State |                     New Encoding |                Previous Encoding 
---------------------------------------------------------------------------------------------------
                    IDLE |                              000 |                             0000
            WAIT_INITIAL |                              001 |                             0001
               CLOCK_LOW |                              010 |                             0010
              CLOCK_HIGH |                              011 |                             0011
         FINAL_CLOCK_LOW |                              100 |                             0100
           WAIT_MONOFLOP |                              101 |                             0101
              WAIT_PAUSE |                              110 |                             0110
                    DONE |                              111 |                             0111
---------------------------------------------------------------------------------------------------
INFO: [Synth 8-3354] encoded FSM with state register 'state_reg' using encoding 'sequential' in module 'ssi_master'
---------------------------------------------------------------------------------
Finished RTL Optimization Phase 2 : Time (s): cpu = 00:00:06 ; elapsed = 00:00:06 . Memory (MB): peak = 2338.070 ; gain = 669.266 ; free physical = 18024 ; free virtual = 36707
---------------------------------------------------------------------------------
---------------------------------------------------------------------------------
Start RTL Component Statistics 
---------------------------------------------------------------------------------
Detailed RTL Component Info : 
+---Adders : 
	   2 Input   24 Bit       Adders := 1     
	   2 Input   12 Bit       Adders := 1     
	   2 Input   10 Bit       Adders := 2     
	   2 Input    5 Bit       Adders := 1     
	   2 Input    4 Bit       Adders := 1     
	   2 Input    3 Bit       Adders := 3     
+---Registers : 
	               56 Bit    Registers := 1     
	               30 Bit    Registers := 1     
	               24 Bit    Registers := 1     
	               19 Bit    Registers := 2     
	               12 Bit    Registers := 1     
	               10 Bit    Registers := 4     
	                8 Bit    Registers := 3     
	                5 Bit    Registers := 1     
	                4 Bit    Registers := 1     
	                3 Bit    Registers := 6     
	                1 Bit    Registers := 19    
+---Muxes : 
	   3 Input   56 Bit        Muxes := 1     
	   2 Input   56 Bit        Muxes := 1     
	   8 Input   30 Bit        Muxes := 1     
	   3 Input   24 Bit        Muxes := 1     
	   2 Input   12 Bit        Muxes := 2     
	   8 Input   12 Bit        Muxes := 1     
	   8 Input   10 Bit        Muxes := 1     
	   2 Input    8 Bit        Muxes := 1     
	   8 Input    5 Bit        Muxes := 1     
	   2 Input    4 Bit        Muxes := 1     
	   8 Input    3 Bit        Muxes := 1     
	   2 Input    3 Bit        Muxes := 2     
	   2 Input    1 Bit        Muxes := 33    
	   8 Input    1 Bit        Muxes := 12    
---------------------------------------------------------------------------------
Finished RTL Component Statistics 
---------------------------------------------------------------------------------
---------------------------------------------------------------------------------
Start Part Resource Summary
---------------------------------------------------------------------------------
Part Resources:
DSPs: 120 (col length:60)
BRAMs: 150 (col length: RAMB18 60 RAMB36 30)
---------------------------------------------------------------------------------
Finished Part Resource Summary
---------------------------------------------------------------------------------
---------------------------------------------------------------------------------
Start Cross Boundary and Area Optimization
---------------------------------------------------------------------------------
WARNING: [Synth 8-7080] Parallel synthesis criteria is not met
WARNING: [Synth 8-3917] design top_level has port rgb1[2] driven by constant 0
WARNING: [Synth 8-3917] design top_level has port rgb1[0] driven by constant 0
WARNING: [Synth 8-7129] Port sw[14] in module top_level is either unconnected or has no load
WARNING: [Synth 8-7129] Port sw[13] in module top_level is either unconnected or has no load
WARNING: [Synth 8-7129] Port sw[12] in module top_level is either unconnected or has no load
WARNING: [Synth 8-7129] Port sw[11] in module top_level is either unconnected or has no load
WARNING: [Synth 8-7129] Port sw[10] in module top_level is either unconnected or has no load
WARNING: [Synth 8-7129] Port sw[9] in module top_level is either unconnected or has no load
WARNING: [Synth 8-7129] Port sw[8] in module top_level is either unconnected or has no load
WARNING: [Synth 8-7129] Port sw[7] in module top_level is either unconnected or has no load
WARNING: [Synth 8-7129] Port sw[6] in module top_level is either unconnected or has no load
WARNING: [Synth 8-7129] Port sw[5] in module top_level is either unconnected or has no load
WARNING: [Synth 8-7129] Port sw[4] in module top_level is either unconnected or has no load
WARNING: [Synth 8-7129] Port sw[3] in module top_level is either unconnected or has no load
WARNING: [Synth 8-7129] Port sw[2] in module top_level is either unconnected or has no load
WARNING: [Synth 8-7129] Port sw[1] in module top_level is either unconnected or has no load
WARNING: [Synth 8-7129] Port sw[0] in module top_level is either unconnected or has no load
WARNING: [Synth 8-7129] Port btn[3] in module top_level is either unconnected or has no load
WARNING: [Synth 8-7129] Port btn[2] in module top_level is either unconnected or has no load
WARNING: [Synth 8-7129] Port data_minus in module top_level is either unconnected or has no load
WARNING: [Synth 8-7129] Port uart_rxd in module top_level is either unconnected or has no load
WARNING: [Synth 8-7129] Port copi in module top_level is either unconnected or has no load
---------------------------------------------------------------------------------
Finished Cross Boundary and Area Optimization : Time (s): cpu = 00:00:07 ; elapsed = 00:00:08 . Memory (MB): peak = 2338.070 ; gain = 669.266 ; free physical = 18030 ; free virtual = 36718
---------------------------------------------------------------------------------
---------------------------------------------------------------------------------
Start Applying XDC Timing Constraints
---------------------------------------------------------------------------------
---------------------------------------------------------------------------------
Finished Applying XDC Timing Constraints : Time (s): cpu = 00:00:10 ; elapsed = 00:00:10 . Memory (MB): peak = 2364.070 ; gain = 695.266 ; free physical = 17992 ; free virtual = 36679
---------------------------------------------------------------------------------
---------------------------------------------------------------------------------
Start Timing Optimization
---------------------------------------------------------------------------------
---------------------------------------------------------------------------------
Finished Timing Optimization : Time (s): cpu = 00:00:10 ; elapsed = 00:00:11 . Memory (MB): peak = 2395.117 ; gain = 726.312 ; free physical = 17952 ; free virtual = 36640
---------------------------------------------------------------------------------
---------------------------------------------------------------------------------
Start Technology Mapping
---------------------------------------------------------------------------------
---------------------------------------------------------------------------------
Finished Technology Mapping : Time (s): cpu = 00:00:10 ; elapsed = 00:00:11 . Memory (MB): peak = 2395.117 ; gain = 726.312 ; free physical = 17952 ; free virtual = 36640
---------------------------------------------------------------------------------
---------------------------------------------------------------------------------
Start IO Insertion
---------------------------------------------------------------------------------
---------------------------------------------------------------------------------
Start Flattening Before IO Insertion
---------------------------------------------------------------------------------
---------------------------------------------------------------------------------
Finished Flattening Before IO Insertion
---------------------------------------------------------------------------------
---------------------------------------------------------------------------------
Start Final Netlist Cleanup
---------------------------------------------------------------------------------
---------------------------------------------------------------------------------
Finished Final Netlist Cleanup
---------------------------------------------------------------------------------
---------------------------------------------------------------------------------
Finished IO Insertion : Time (s): cpu = 00:00:12 ; elapsed = 00:00:12 . Memory (MB): peak = 2559.930 ; gain = 891.125 ; free physical = 17818 ; free virtual = 36506
---------------------------------------------------------------------------------
---------------------------------------------------------------------------------
Start Renaming Generated Instances
---------------------------------------------------------------------------------
---------------------------------------------------------------------------------
Finished Renaming Generated Instances : Time (s): cpu = 00:00:12 ; elapsed = 00:00:12 . Memory (MB): peak = 2559.930 ; gain = 891.125 ; free physical = 17818 ; free virtual = 36506
---------------------------------------------------------------------------------
---------------------------------------------------------------------------------
Start Rebuilding User Hierarchy
---------------------------------------------------------------------------------
---------------------------------------------------------------------------------
Finished Rebuilding User Hierarchy : Time (s): cpu = 00:00:12 ; elapsed = 00:00:12 . Memory (MB): peak = 2559.930 ; gain = 891.125 ; free physical = 17818 ; free virtual = 36506
---------------------------------------------------------------------------------
---------------------------------------------------------------------------------
Start Renaming Generated Ports
---------------------------------------------------------------------------------
---------------------------------------------------------------------------------
Finished Renaming Generated Ports : Time (s): cpu = 00:00:12 ; elapsed = 00:00:12 . Memory (MB): peak = 2559.930 ; gain = 891.125 ; free physical = 17818 ; free virtual = 36506
---------------------------------------------------------------------------------
---------------------------------------------------------------------------------
Start Handling Custom Attributes
---------------------------------------------------------------------------------
---------------------------------------------------------------------------------
Finished Handling Custom Attributes : Time (s): cpu = 00:00:12 ; elapsed = 00:00:12 . Memory (MB): peak = 2559.930 ; gain = 891.125 ; free physical = 17818 ; free virtual = 36506
---------------------------------------------------------------------------------
---------------------------------------------------------------------------------
Start Renaming Generated Nets
---------------------------------------------------------------------------------
---------------------------------------------------------------------------------
Finished Renaming Generated Nets : Time (s): cpu = 00:00:12 ; elapsed = 00:00:12 . Memory (MB): peak = 2559.930 ; gain = 891.125 ; free physical = 17818 ; free virtual = 36506
---------------------------------------------------------------------------------
---------------------------------------------------------------------------------
Start Writing Synthesis Report
---------------------------------------------------------------------------------

Report BlackBoxes: 
+-+--------------+----------+
| |BlackBox name |Instances |
+-+--------------+----------+
+-+--------------+----------+

Report Cell Usage: 
+------+-------+------+
|      |Cell   |Count |
+------+-------+------+
|1     |BUFG   |     1|
|2     |CARRY4 |    20|
|3     |LUT1   |    29|
|4     |LUT2   |    60|
|5     |LUT3   |    37|
|6     |LUT4   |    52|
|7     |LUT5   |    21|
|8     |LUT6   |    55|
|9     |FDRE   |   268|
|10    |FDSE   |     4|
|11    |IBUF   |     7|
|12    |OBUF   |    27|
+------+-------+------+
---------------------------------------------------------------------------------
Finished Writing Synthesis Report : Time (s): cpu = 00:00:12 ; elapsed = 00:00:12 . Memory (MB): peak = 2559.930 ; gain = 891.125 ; free physical = 17818 ; free virtual = 36506
---------------------------------------------------------------------------------
Synthesis finished with 0 errors, 0 critical warnings and 23 warnings.
Synthesis Optimization Runtime : Time (s): cpu = 00:00:11 ; elapsed = 00:00:12 . Memory (MB): peak = 2559.930 ; gain = 764.352 ; free physical = 17818 ; free virtual = 36506
Synthesis Optimization Complete : Time (s): cpu = 00:00:12 ; elapsed = 00:00:12 . Memory (MB): peak = 2559.938 ; gain = 891.125 ; free physical = 17818 ; free virtual = 36506
INFO: [Project 1-571] Translating synthesized netlist
Netlist sorting complete. Time (s): cpu = 00:00:00 ; elapsed = 00:00:00 . Memory (MB): peak = 2559.938 ; gain = 0.000 ; free physical = 17818 ; free virtual = 36506
INFO: [Netlist 29-17] Analyzing 20 Unisim elements for replacement
INFO: [Netlist 29-28] Unisim Transformation completed in 0 CPU seconds
INFO: [Project 1-570] Preparing netlist for logic optimization
Parsing XDC File [/home/fpga/worker_place/temp/temp/7ec3f0f6ce174be58ba3960c285282d0/xdc/top_level.xdc]
Finished Parsing XDC File [/home/fpga/worker_place/temp/temp/7ec3f0f6ce174be58ba3960c285282d0/xdc/top_level.xdc]
INFO: [Opt 31-138] Pushed 0 inverter(s) to 0 load pin(s).
Netlist sorting complete. Time (s): cpu = 00:00:00 ; elapsed = 00:00:00 . Memory (MB): peak = 2583.941 ; gain = 0.000 ; free physical = 17954 ; free virtual = 36641
INFO: [Project 1-111] Unisim Transformation Summary:
No Unisim elements were transformed.

Synth Design complete | Checksum: 59d21a3a
INFO: [Common 17-83] Releasing license: Synthesis
25 Infos, 61 Warnings, 0 Critical Warnings and 0 Errors encountered.
synth_design completed successfully
synth_design: Time (s): cpu = 00:00:16 ; elapsed = 00:00:15 . Memory (MB): peak = 2583.977 ; gain = 1064.391 ; free physical = 17956 ; free virtual = 36644
INFO: [Common 17-2834] synth_design peak Physical Memory [PSS] (MB): overall = 2005.556; main = 2005.556; forked = 334.028
INFO: [Common 17-2834] synth_design peak Virtual Memory [VSS] (MB): overall = 3301.918; main = 2583.945; forked = 963.844
# report_timing_summary -file $outputDir/post_synth_timing_summary.rpt
INFO: [Timing 38-35] Done setting XDC timing constraints.
INFO: [Timing 38-91] UpdateTimingParams: Speed grade: -1, Delay Type: min_max.
INFO: [Timing 38-191] Multithreading enabled for timing update using a maximum of 4 CPUs
# report_utilization -file $outputDir/post_synth_util.rpt -hierarchical -hierarchical_depth 4
# report_timing -file $outputDir/post_synth_timing.rpt
INFO: [Timing 38-91] UpdateTimingParams: Speed grade: -1, Delay Type: max.
INFO: [Timing 38-191] Multithreading enabled for timing update using a maximum of 4 CPUs
INFO: [Timing 38-78] ReportTimingParams: -max_paths 1 -nworst 1 -delay_type max -sort_by slack.
# opt_design
Command: opt_design
Attempting to get a license for feature 'Implementation' and/or device 'xc7s50'
INFO: [Common 17-349] Got license for feature 'Implementation' and/or device 'xc7s50'
Running DRC as a precondition to command opt_design

Starting DRC Task
INFO: [DRC 23-27] Running DRC with 4 threads
INFO: [Project 1-461] DRC finished with 0 Errors
INFO: [Project 1-462] Please refer to the DRC report (report_drc) for more information.

Time (s): cpu = 00:00:01 ; elapsed = 00:00:00.44 . Memory (MB): peak = 2762.035 ; gain = 78.344 ; free physical = 17895 ; free virtual = 36583

Starting Cache Timing Information Task
Ending Cache Timing Information Task | Checksum: 227b17df3

Time (s): cpu = 00:00:00 ; elapsed = 00:00:00 . Memory (MB): peak = 2762.035 ; gain = 0.000 ; free physical = 17895 ; free virtual = 36583

Starting Logic Optimization Task

Phase 1 Initialization

Phase 1.1 Core Generation And Design Setup
Phase 1.1 Core Generation And Design Setup | Checksum: 227b17df3

Time (s): cpu = 00:00:00 ; elapsed = 00:00:00 . Memory (MB): peak = 2993.035 ; gain = 0.000 ; free physical = 17620 ; free virtual = 36307

Phase 1.2 Setup Constraints And Sort Netlist
Phase 1.2 Setup Constraints And Sort Netlist | Checksum: 227b17df3

Time (s): cpu = 00:00:00 ; elapsed = 00:00:00 . Memory (MB): peak = 2993.035 ; gain = 0.000 ; free physical = 17620 ; free virtual = 36307
Phase 1 Initialization | Checksum: 227b17df3

Time (s): cpu = 00:00:00 ; elapsed = 00:00:00 . Memory (MB): peak = 2993.035 ; gain = 0.000 ; free physical = 17620 ; free virtual = 36307

Phase 2 Timer Update And Timing Data Collection

Phase 2.1 Timer Update
Phase 2.1 Timer Update | Checksum: 227b17df3

Time (s): cpu = 00:00:00.01 ; elapsed = 00:00:00.01 . Memory (MB): peak = 2993.035 ; gain = 0.000 ; free physical = 17620 ; free virtual = 36307

Phase 2.2 Timing Data Collection
Phase 2.2 Timing Data Collection | Checksum: 227b17df3

Time (s): cpu = 00:00:00.01 ; elapsed = 00:00:00.01 . Memory (MB): peak = 2993.035 ; gain = 0.000 ; free physical = 17620 ; free virtual = 36307
Phase 2 Timer Update And Timing Data Collection | Checksum: 227b17df3

Time (s): cpu = 00:00:00.01 ; elapsed = 00:00:00.01 . Memory (MB): peak = 2993.035 ; gain = 0.000 ; free physical = 17620 ; free virtual = 36307

Phase 3 Retarget
INFO: [Opt 31-1851] Number of loadless carry chains removed were: 0
INFO: [Opt 31-1834] Total Chains To Be Transformed Were: 0 AND Number of Transformed insts Created are: 0
INFO: [Opt 31-138] Pushed 0 inverter(s) to 0 load pin(s).
INFO: [Opt 31-49] Retargeted 0 cell(s).
Phase 3 Retarget | Checksum: 227b17df3

Time (s): cpu = 00:00:00.01 ; elapsed = 00:00:00.01 . Memory (MB): peak = 2993.035 ; gain = 0.000 ; free physical = 17620 ; free virtual = 36307
Retarget | Checksum: 227b17df3
INFO: [Opt 31-389] Phase Retarget created 0 cells and removed 0 cells

Phase 4 Constant propagation
INFO: [Opt 31-138] Pushed 0 inverter(s) to 0 load pin(s).
Phase 4 Constant propagation | Checksum: 227b17df3

Time (s): cpu = 00:00:00.01 ; elapsed = 00:00:00.02 . Memory (MB): peak = 2993.035 ; gain = 0.000 ; free physical = 17620 ; free virtual = 36307
Constant propagation | Checksum: 227b17df3
INFO: [Opt 31-389] Phase Constant propagation created 0 cells and removed 0 cells

Phase 5 Sweep
INFO: [Constraints 18-11670] Building netlist checker database with flags, 0x8
Done building netlist checker database: Time (s): cpu = 00:00:00 ; elapsed = 00:00:00 . Memory (MB): peak = 2993.035 ; gain = 0.000 ; free physical = 17620 ; free virtual = 36307
Phase 5 Sweep | Checksum: 24c45e552

Time (s): cpu = 00:00:00.02 ; elapsed = 00:00:00.02 . Memory (MB): peak = 2993.035 ; gain = 0.000 ; free physical = 17620 ; free virtual = 36307
Sweep | Checksum: 24c45e552
INFO: [Opt 31-389] Phase Sweep created 11 cells and removed 0 cells

Phase 6 BUFG optimization
Phase 6 BUFG optimization | Checksum: 24c45e552

Time (s): cpu = 00:00:00.02 ; elapsed = 00:00:00.02 . Memory (MB): peak = 3025.051 ; gain = 32.016 ; free physical = 17620 ; free virtual = 36307
BUFG optimization | Checksum: 24c45e552
INFO: [Opt 31-662] Phase BUFG optimization created 0 cells of which 0 are BUFGs and removed 0 cells.

Phase 7 Shift Register Optimization
INFO: [Opt 31-1064] SRL Remap converted 0 SRLs to 0 registers and converted 0 registers of register chains to 0 SRLs
Phase 7 Shift Register Optimization | Checksum: 24c45e552

Time (s): cpu = 00:00:00.03 ; elapsed = 00:00:00.03 . Memory (MB): peak = 3025.051 ; gain = 32.016 ; free physical = 17620 ; free virtual = 36307
Shift Register Optimization | Checksum: 24c45e552
INFO: [Opt 31-389] Phase Shift Register Optimization created 0 cells and removed 0 cells

Phase 8 Post Processing Netlist
Phase 8 Post Processing Netlist | Checksum: 24c45e552

Time (s): cpu = 00:00:00.03 ; elapsed = 00:00:00.03 . Memory (MB): peak = 3025.051 ; gain = 32.016 ; free physical = 17620 ; free virtual = 36307
Post Processing Netlist | Checksum: 24c45e552
INFO: [Opt 31-389] Phase Post Processing Netlist created 0 cells and removed 0 cells

Phase 9 Finalization

Phase 9.1 Finalizing Design Cores and Updating Shapes
Phase 9.1 Finalizing Design Cores and Updating Shapes | Checksum: 20c483309

Time (s): cpu = 00:00:00.04 ; elapsed = 00:00:00.03 . Memory (MB): peak = 3025.051 ; gain = 32.016 ; free physical = 17620 ; free virtual = 36307

Phase 9.2 Verifying Netlist Connectivity

Starting Connectivity Check Task

Time (s): cpu = 00:00:00.01 ; elapsed = 00:00:00 . Memory (MB): peak = 3025.051 ; gain = 0.000 ; free physical = 17620 ; free virtual = 36307
Phase 9.2 Verifying Netlist Connectivity | Checksum: 20c483309

Time (s): cpu = 00:00:00.05 ; elapsed = 00:00:00.04 . Memory (MB): peak = 3025.051 ; gain = 32.016 ; free physical = 17620 ; free virtual = 36307
Phase 9 Finalization | Checksum: 20c483309

Time (s): cpu = 00:00:00.05 ; elapsed = 00:00:00.04 . Memory (MB): peak = 3025.051 ; gain = 32.016 ; free physical = 17620 ; free virtual = 36307
Opt_design Change Summary
=========================


-------------------------------------------------------------------------------------------------------------------------
|  Phase                        |  #Cells created  |  #Cells Removed  |  #Constrained objects preventing optimizations  |
-------------------------------------------------------------------------------------------------------------------------
|  Retarget                     |               0  |               0  |                                              0  |
|  Constant propagation         |               0  |               0  |                                              0  |
|  Sweep                        |              11  |               0  |                                              0  |
|  BUFG optimization            |               0  |               0  |                                              0  |
|  Shift Register Optimization  |               0  |               0  |                                              0  |
|  Post Processing Netlist      |               0  |               0  |                                              0  |
-------------------------------------------------------------------------------------------------------------------------


Ending Logic Optimization Task | Checksum: 20c483309

Time (s): cpu = 00:00:00.05 ; elapsed = 00:00:00.04 . Memory (MB): peak = 3025.051 ; gain = 32.016 ; free physical = 17620 ; free virtual = 36307

Starting Power Optimization Task
INFO: [Pwropt 34-132] Skipping clock gating for clocks with a period < 2.00 ns.
Ending Power Optimization Task | Checksum: 20c483309

Time (s): cpu = 00:00:00.01 ; elapsed = 00:00:00 . Memory (MB): peak = 3025.051 ; gain = 0.000 ; free physical = 17620 ; free virtual = 36307

Starting Final Cleanup Task
Ending Final Cleanup Task | Checksum: 20c483309

Time (s): cpu = 00:00:00 ; elapsed = 00:00:00 . Memory (MB): peak = 3025.051 ; gain = 0.000 ; free physical = 17620 ; free virtual = 36307

Starting Netlist Obfuscation Task
Netlist sorting complete. Time (s): cpu = 00:00:00 ; elapsed = 00:00:00 . Memory (MB): peak = 3025.051 ; gain = 0.000 ; free physical = 17620 ; free virtual = 36307
Ending Netlist Obfuscation Task | Checksum: 20c483309

Time (s): cpu = 00:00:00 ; elapsed = 00:00:00.01 . Memory (MB): peak = 3025.051 ; gain = 0.000 ; free physical = 17620 ; free virtual = 36307
INFO: [Common 17-83] Releasing license: Implementation
19 Infos, 0 Warnings, 0 Critical Warnings and 0 Errors encountered.
opt_design completed successfully
# place_design
Command: place_design
Attempting to get a license for feature 'Implementation' and/or device 'xc7s50'
INFO: [Common 17-349] Got license for feature 'Implementation' and/or device 'xc7s50'
INFO: [Common 17-83] Releasing license: Implementation
INFO: [DRC 23-27] Running DRC with 4 threads
INFO: [Vivado_Tcl 4-198] DRC finished with 0 Errors
INFO: [Vivado_Tcl 4-199] Please refer to the DRC report (report_drc) for more information.
Running DRC as a precondition to command place_design
INFO: [DRC 23-27] Running DRC with 4 threads
INFO: [Vivado_Tcl 4-198] DRC finished with 0 Errors
INFO: [Vivado_Tcl 4-199] Please refer to the DRC report (report_drc) for more information.
INFO: [Place 30-611] Multithreading enabled for place_design using a maximum of 4 CPUs

Starting Placer Task

Phase 1 Placer Initialization

Phase 1.1 Placer Initialization Netlist Sorting
Netlist sorting complete. Time (s): cpu = 00:00:00 ; elapsed = 00:00:00 . Memory (MB): peak = 3025.051 ; gain = 0.000 ; free physical = 17620 ; free virtual = 36307
Phase 1.1 Placer Initialization Netlist Sorting | Checksum: 18a5c915a

Time (s): cpu = 00:00:00 ; elapsed = 00:00:00 . Memory (MB): peak = 3025.051 ; gain = 0.000 ; free physical = 17620 ; free virtual = 36307
Netlist sorting complete. Time (s): cpu = 00:00:00 ; elapsed = 00:00:00 . Memory (MB): peak = 3025.051 ; gain = 0.000 ; free physical = 17620 ; free virtual = 36307

Phase 1.2 IO Placement/ Clock Placement/ Build Placer Device
INFO: [Timing 38-35] Done setting XDC timing constraints.
Phase 1.2 IO Placement/ Clock Placement/ Build Placer Device | Checksum: 1c649a8d1

Time (s): cpu = 00:00:00.15 ; elapsed = 00:00:00.07 . Memory (MB): peak = 3025.051 ; gain = 0.000 ; free physical = 17620 ; free virtual = 36307

Phase 1.3 Build Placer Netlist Model
Phase 1.3 Build Placer Netlist Model | Checksum: 21ab483db

Time (s): cpu = 00:00:00.29 ; elapsed = 00:00:00.12 . Memory (MB): peak = 3028.062 ; gain = 3.012 ; free physical = 17620 ; free virtual = 36307

Phase 1.4 Constrain Clocks/Macros
Phase 1.4 Constrain Clocks/Macros | Checksum: 21ab483db

Time (s): cpu = 00:00:00.29 ; elapsed = 00:00:00.12 . Memory (MB): peak = 3028.062 ; gain = 3.012 ; free physical = 17620 ; free virtual = 36307
Phase 1 Placer Initialization | Checksum: 21ab483db

Time (s): cpu = 00:00:00.29 ; elapsed = 00:00:00.12 . Memory (MB): peak = 3028.062 ; gain = 3.012 ; free physical = 17620 ; free virtual = 36307

Phase 2 Global Placement

Phase 2.1 Floorplanning
Phase 2.1 Floorplanning | Checksum: 27bad5a6e

Time (s): cpu = 00:00:00.34 ; elapsed = 00:00:00.13 . Memory (MB): peak = 3028.062 ; gain = 3.012 ; free physical = 17619 ; free virtual = 36307

Phase 2.2 Update Timing before SLR Path Opt
Phase 2.2 Update Timing before SLR Path Opt | Checksum: 2476f090d

Time (s): cpu = 00:00:00.38 ; elapsed = 00:00:00.14 . Memory (MB): peak = 3028.062 ; gain = 3.012 ; free physical = 17619 ; free virtual = 36307

Phase 2.3 Post-Processing in Floorplanning
Phase 2.3 Post-Processing in Floorplanning | Checksum: 2476f090d

Time (s): cpu = 00:00:00.38 ; elapsed = 00:00:00.15 . Memory (MB): peak = 3028.062 ; gain = 3.012 ; free physical = 17619 ; free virtual = 36307

Phase 2.4 Global Place Phase1
Phase 2.4 Global Place Phase1 | Checksum: 1d0e1ae0e

Time (s): cpu = 00:00:00.7 ; elapsed = 00:00:00.27 . Memory (MB): peak = 3036.066 ; gain = 11.016 ; free physical = 17631 ; free virtual = 36318

Phase 2.5 Global Place Phase2

Phase 2.5.1 UpdateTiming Before Physical Synthesis
Phase 2.5.1 UpdateTiming Before Physical Synthesis | Checksum: 1d0e1ae0e

Time (s): cpu = 00:00:00.72 ; elapsed = 00:00:00.28 . Memory (MB): peak = 3036.066 ; gain = 11.016 ; free physical = 17631 ; free virtual = 36318

Phase 2.5.2 Physical Synthesis In Placer
INFO: [Physopt 32-1035] Found 0 LUTNM shape to break, 15 LUT instances to create LUTNM shape
INFO: [Physopt 32-1044] Break lutnm for timing: one critical 0, two critical 0, total 0, new lutff created 0
INFO: [Physopt 32-1138] End 1 Pass. Optimized 7 nets or LUTs. Breaked 0 LUT, combined 7 existing LUTs and moved 0 existing LUT
INFO: [Physopt 32-65] No nets found for high-fanout optimization.
INFO: [Physopt 32-232] Optimized 0 net. Created 0 new instance.
INFO: [Physopt 32-775] End 1 Pass. Optimized 0 net or cell. Created 0 new cell, deleted 0 existing cell and moved 0 existing cell
INFO: [Physopt 32-670] No setup violation found.  DSP Register Optimization was not performed.
INFO: [Physopt 32-670] No setup violation found.  Shift Register to Pipeline Optimization was not performed.
INFO: [Physopt 32-670] No setup violation found.  Shift Register Optimization was not performed.
INFO: [Physopt 32-670] No setup violation found.  BRAM Register Optimization was not performed.
INFO: [Physopt 32-670] No setup violation found.  URAM Register Optimization was not performed.
INFO: [Physopt 32-949] No candidate nets found for dynamic/static region interface net replication
INFO: [Physopt 32-775] End 1 Pass. Optimized 0 net or cell. Created 0 new cell, deleted 0 existing cell and moved 0 existing cell
Netlist sorting complete. Time (s): cpu = 00:00:00 ; elapsed = 00:00:00 . Memory (MB): peak = 3036.066 ; gain = 0.000 ; free physical = 17630 ; free virtual = 36318

Summary of Physical Synthesis Optimizations
============================================


-----------------------------------------------------------------------------------------------------------------------------------------------------------
|  Optimization                                     |  Added Cells  |  Removed Cells  |  Optimized Cells/Nets  |  Dont Touch  |  Iterations  |  Elapsed   |
-----------------------------------------------------------------------------------------------------------------------------------------------------------
|  LUT Combining                                    |            0  |              7  |                     7  |           0  |           1  |  00:00:00  |
|  Retime                                           |            0  |              0  |                     0  |           0  |           1  |  00:00:00  |
|  Very High Fanout                                 |            0  |              0  |                     0  |           0  |           1  |  00:00:00  |
|  DSP Register                                     |            0  |              0  |                     0  |           0  |           0  |  00:00:00  |
|  Shift Register to Pipeline                       |            0  |              0  |                     0  |           0  |           0  |  00:00:00  |
|  Shift Register                                   |            0  |              0  |                     0  |           0  |           0  |  00:00:00  |
|  BRAM Register                                    |            0  |              0  |                     0  |           0  |           0  |  00:00:00  |
|  URAM Register                                    |            0  |              0  |                     0  |           0  |           0  |  00:00:00  |
|  Dynamic/Static Region Interface Net Replication  |            0  |              0  |                     0  |           0  |           1  |  00:00:00  |
|  Total                                            |            0  |              7  |                     7  |           0  |           4  |  00:00:00  |
-----------------------------------------------------------------------------------------------------------------------------------------------------------


Phase 2.5.2 Physical Synthesis In Placer | Checksum: 18116f261

Time (s): cpu = 00:00:00.96 ; elapsed = 00:00:00.47 . Memory (MB): peak = 3036.066 ; gain = 11.016 ; free physical = 17630 ; free virtual = 36318
Phase 2.5 Global Place Phase2 | Checksum: 1563e80aa

Time (s): cpu = 00:00:01 ; elapsed = 00:00:00.49 . Memory (MB): peak = 3036.066 ; gain = 11.016 ; free physical = 17630 ; free virtual = 36318
Phase 2 Global Placement | Checksum: 1563e80aa

Time (s): cpu = 00:00:01 ; elapsed = 00:00:00.49 . Memory (MB): peak = 3036.066 ; gain = 11.016 ; free physical = 17630 ; free virtual = 36318

Phase 3 Detail Placement

Phase 3.1 Commit Multi Column Macros
Phase 3.1 Commit Multi Column Macros | Checksum: 1cdcb9e95

Time (s): cpu = 00:00:01 ; elapsed = 00:00:00.51 . Memory (MB): peak = 3036.066 ; gain = 11.016 ; free physical = 17630 ; free virtual = 36318

Phase 3.2 Commit Most Macros & LUTRAMs
Phase 3.2 Commit Most Macros & LUTRAMs | Checksum: 24987130d

Time (s): cpu = 00:00:01 ; elapsed = 00:00:00.53 . Memory (MB): peak = 3036.066 ; gain = 11.016 ; free physical = 17631 ; free virtual = 36318

Phase 3.3 Area Swap Optimization
Phase 3.3 Area Swap Optimization | Checksum: 1518bc554

Time (s): cpu = 00:00:01 ; elapsed = 00:00:00.54 . Memory (MB): peak = 3036.066 ; gain = 11.016 ; free physical = 17631 ; free virtual = 36318

Phase 3.4 Pipeline Register Optimization
Phase 3.4 Pipeline Register Optimization | Checksum: 1f7bf2dcd

Time (s): cpu = 00:00:01 ; elapsed = 00:00:00.54 . Memory (MB): peak = 3036.066 ; gain = 11.016 ; free physical = 17631 ; free virtual = 36318

Phase 3.5 Small Shape Detail Placement
Phase 3.5 Small Shape Detail Placement | Checksum: 15287ab52

Time (s): cpu = 00:00:01 ; elapsed = 00:00:00.6 . Memory (MB): peak = 3036.066 ; gain = 11.016 ; free physical = 17630 ; free virtual = 36318

Phase 3.6 Re-assign LUT pins
Phase 3.6 Re-assign LUT pins | Checksum: f693aec3

Time (s): cpu = 00:00:01 ; elapsed = 00:00:00.61 . Memory (MB): peak = 3036.066 ; gain = 11.016 ; free physical = 17630 ; free virtual = 36318

Phase 3.7 Pipeline Register Optimization
Phase 3.7 Pipeline Register Optimization | Checksum: 19c57263a

Time (s): cpu = 00:00:01 ; elapsed = 00:00:00.61 . Memory (MB): peak = 3036.066 ; gain = 11.016 ; free physical = 17630 ; free virtual = 36318
Phase 3 Detail Placement | Checksum: 19c57263a

Time (s): cpu = 00:00:01 ; elapsed = 00:00:00.61 . Memory (MB): peak = 3036.066 ; gain = 11.016 ; free physical = 17630 ; free virtual = 36318

Phase 4 Post Placement Optimization and Clean-Up

Phase 4.1 Post Commit Optimization
INFO: [Timing 38-35] Done setting XDC timing constraints.

Phase 4.1.1 Post Placement Optimization
Post Placement Optimization Initialization | Checksum: 1ef73eecb

Phase 4.1.1.1 BUFG Insertion

Starting Physical Synthesis Task

Phase 1 Physical Synthesis Initialization
INFO: [Physopt 32-721] Multithreading enabled for phys_opt_design using a maximum of 4 CPUs
INFO: [Physopt 32-619] Estimated Timing Summary | WNS=4.293 | TNS=0.000 |
Phase 1 Physical Synthesis Initialization | Checksum: 18e13e780

Time (s): cpu = 00:00:00.03 ; elapsed = 00:00:00.01 . Memory (MB): peak = 3036.066 ; gain = 0.000 ; free physical = 17630 ; free virtual = 36318
INFO: [Place 46-56] BUFG insertion identified 0 candidate nets. Inserted BUFG: 0, Replicated BUFG Driver: 0, Skipped due to Placement/Routing Conflicts: 0, Skipped due to Timing Degradation: 0, Skipped due to netlist editing failed: 0.
Ending Physical Synthesis Task | Checksum: 227dcdc53

Time (s): cpu = 00:00:00.03 ; elapsed = 00:00:00.01 . Memory (MB): peak = 3036.066 ; gain = 0.000 ; free physical = 17630 ; free virtual = 36318
Phase 4.1.1.1 BUFG Insertion | Checksum: 1ef73eecb

Time (s): cpu = 00:00:02 ; elapsed = 00:00:00.66 . Memory (MB): peak = 3036.066 ; gain = 11.016 ; free physical = 17630 ; free virtual = 36318

Phase 4.1.1.2 Post Placement Timing Optimization
INFO: [Place 30-746] Post Placement Timing Summary WNS=4.293. For the most accurate timing information please run report_timing.
Phase 4.1.1.2 Post Placement Timing Optimization | Checksum: 2240068fa

Time (s): cpu = 00:00:02 ; elapsed = 00:00:00.66 . Memory (MB): peak = 3036.066 ; gain = 11.016 ; free physical = 17630 ; free virtual = 36318

Time (s): cpu = 00:00:02 ; elapsed = 00:00:00.66 . Memory (MB): peak = 3036.066 ; gain = 11.016 ; free physical = 17630 ; free virtual = 36318
Phase 4.1 Post Commit Optimization | Checksum: 2240068fa

Time (s): cpu = 00:00:02 ; elapsed = 00:00:00.66 . Memory (MB): peak = 3036.066 ; gain = 11.016 ; free physical = 17630 ; free virtual = 36318

Phase 4.2 Post Placement Cleanup
Phase 4.2 Post Placement Cleanup | Checksum: 2240068fa

Time (s): cpu = 00:00:02 ; elapsed = 00:00:00.67 . Memory (MB): peak = 3036.066 ; gain = 11.016 ; free physical = 17630 ; free virtual = 36318

Phase 4.3 Placer Reporting

Phase 4.3.1 Print Estimated Congestion
INFO: [Place 30-612] Post-Placement Estimated Congestion 
 ____________________________________________________
|           | Global Congestion | Short Congestion  |
| Direction | Region Size       | Region Size       |
|___________|___________________|___________________|
|      North|                1x1|                1x1|
|___________|___________________|___________________|
|      South|                1x1|                1x1|
|___________|___________________|___________________|
|       East|                1x1|                1x1|
|___________|___________________|___________________|
|       West|                1x1|                1x1|
|___________|___________________|___________________|

Phase 4.3.1 Print Estimated Congestion | Checksum: 2240068fa

Time (s): cpu = 00:00:02 ; elapsed = 00:00:00.67 . Memory (MB): peak = 3036.066 ; gain = 11.016 ; free physical = 17630 ; free virtual = 36318
Phase 4.3 Placer Reporting | Checksum: 2240068fa

Time (s): cpu = 00:00:02 ; elapsed = 00:00:00.67 . Memory (MB): peak = 3036.066 ; gain = 11.016 ; free physical = 17630 ; free virtual = 36318

Phase 4.4 Final Placement Cleanup
Netlist sorting complete. Time (s): cpu = 00:00:00 ; elapsed = 00:00:00 . Memory (MB): peak = 3036.066 ; gain = 0.000 ; free physical = 17630 ; free virtual = 36318

Time (s): cpu = 00:00:02 ; elapsed = 00:00:00.67 . Memory (MB): peak = 3036.066 ; gain = 11.016 ; free physical = 17630 ; free virtual = 36318
Phase 4 Post Placement Optimization and Clean-Up | Checksum: 1d64c2ff2

Time (s): cpu = 00:00:02 ; elapsed = 00:00:00.67 . Memory (MB): peak = 3036.066 ; gain = 11.016 ; free physical = 17630 ; free virtual = 36318
Ending Placer Task | Checksum: 1583d019c

Time (s): cpu = 00:00:02 ; elapsed = 00:00:00.67 . Memory (MB): peak = 3036.066 ; gain = 11.016 ; free physical = 17630 ; free virtual = 36318
29 Infos, 0 Warnings, 0 Critical Warnings and 0 Errors encountered.
place_design completed successfully
# report_clock_utilization -file $outputDir/clock_util.rpt
# if {[get_property SLACK [get_timing_paths -max_paths 1 -nworst 1 -setup]] < 0} {
#  puts "Found setup timing violations => running physical optimization"
#  phys_opt_design
# }
# report_utilization -file $outputDir/post_place_util.rpt
# report_timing_summary -file $outputDir/post_place_timing_summary.rpt
# report_timing -file $outputDir/post_place_timing.rpt
INFO: [Timing 38-78] ReportTimingParams: -max_paths 1 -nworst 1 -delay_type max -sort_by slack.
# route_design -directive Explore
Command: route_design -directive Explore
Attempting to get a license for feature 'Implementation' and/or device 'xc7s50'
INFO: [Common 17-349] Got license for feature 'Implementation' and/or device 'xc7s50'


Starting Routing Task
INFO: [Route 35-270] Using Router directive 'Explore'.
INFO: [Route 35-254] Multithreading enabled for route_design using a maximum of 4 CPUs

Phase 1 Build RT Design
Checksum: PlaceDB: 38ba75c4 ConstDB: 0 ShapeSum: 74f158a2 RouteDB: aa913336
Post Restoration Checksum: NetGraph: 8352a8a1 | NumContArr: a3d22267 | Constraints: c2a8fa9d | Timing: c2a8fa9d
Phase 1 Build RT Design | Checksum: 2ac76c042

Time (s): cpu = 00:00:08 ; elapsed = 00:00:07 . Memory (MB): peak = 3036.066 ; gain = 0.000 ; free physical = 17606 ; free virtual = 36295

Phase 2 Router Initialization

Phase 2.1 Fix Topology Constraints
Phase 2.1 Fix Topology Constraints | Checksum: 2ac76c042

Time (s): cpu = 00:00:08 ; elapsed = 00:00:07 . Memory (MB): peak = 3036.066 ; gain = 0.000 ; free physical = 17606 ; free virtual = 36295

Phase 2.2 Pre Route Cleanup
Phase 2.2 Pre Route Cleanup | Checksum: 2ac76c042

Time (s): cpu = 00:00:08 ; elapsed = 00:00:07 . Memory (MB): peak = 3036.066 ; gain = 0.000 ; free physical = 17606 ; free virtual = 36295
 Number of Nodes with overlaps = 0

Phase 2.3 Update Timing
Phase 2.3 Update Timing | Checksum: 2027f84ef

Time (s): cpu = 00:00:08 ; elapsed = 00:00:07 . Memory (MB): peak = 3036.066 ; gain = 0.000 ; free physical = 17600 ; free virtual = 36288
INFO: [Route 35-416] Intermediate Timing Summary | WNS=4.323  | TNS=0.000  | WHS=-0.108 | THS=-5.560 |


Phase 2.4 Soft Constraint Pins - Fast Budgeting
Phase 2.4 Soft Constraint Pins - Fast Budgeting | Checksum: 1ce3c405f

Time (s): cpu = 00:00:08 ; elapsed = 00:00:07 . Memory (MB): peak = 3036.066 ; gain = 0.000 ; free physical = 17600 ; free virtual = 36288

Router Utilization Summary
  Global Vertical Routing Utilization    = 0 %
  Global Horizontal Routing Utilization  = 0 %
  Routable Net Status*
  *Does not include unroutable nets such as driverless and loadless.
  Run report_route_status for detailed report.
  Number of Failed Nets               = 409
    (Failed Nets is the sum of unrouted and partially routed nets)
  Number of Unrouted Nets             = 409
  Number of Partially Routed Nets     = 0
  Number of Node Overlaps             = 0

Phase 2 Router Initialization | Checksum: 1ce3c405f

Time (s): cpu = 00:00:08 ; elapsed = 00:00:07 . Memory (MB): peak = 3036.066 ; gain = 0.000 ; free physical = 17600 ; free virtual = 36288

Phase 3 Global Routing
Phase 3 Global Routing | Checksum: 1ce3c405f

Time (s): cpu = 00:00:08 ; elapsed = 00:00:07 . Memory (MB): peak = 3036.066 ; gain = 0.000 ; free physical = 17600 ; free virtual = 36288

Phase 4 Initial Routing

Phase 4.1 Initial Net Routing Pass
Phase 4.1 Initial Net Routing Pass | Checksum: 18847bf56

Time (s): cpu = 00:00:08 ; elapsed = 00:00:07 . Memory (MB): peak = 3036.066 ; gain = 0.000 ; free physical = 17600 ; free virtual = 36288
Phase 4 Initial Routing | Checksum: 18847bf56

Time (s): cpu = 00:00:08 ; elapsed = 00:00:07 . Memory (MB): peak = 3036.066 ; gain = 0.000 ; free physical = 17600 ; free virtual = 36288

Phase 5 Rip-up And Reroute

Phase 5.1 Global Iteration 0
 Number of Nodes with overlaps = 15
 Number of Nodes with overlaps = 0
INFO: [Route 35-416] Intermediate Timing Summary | WNS=4.515  | TNS=0.000  | WHS=N/A    | THS=N/A    |

Phase 5.1 Global Iteration 0 | Checksum: 2b3770c9e

Time (s): cpu = 00:00:08 ; elapsed = 00:00:07 . Memory (MB): peak = 3036.066 ; gain = 0.000 ; free physical = 17600 ; free virtual = 36288

Phase 5.2 Global Iteration 1
 Number of Nodes with overlaps = 2
 Number of Nodes with overlaps = 0
INFO: [Route 35-416] Intermediate Timing Summary | WNS=4.515  | TNS=0.000  | WHS=N/A    | THS=N/A    |

Phase 5.2 Global Iteration 1 | Checksum: 27f49f7d0

Time (s): cpu = 00:00:08 ; elapsed = 00:00:07 . Memory (MB): peak = 3036.066 ; gain = 0.000 ; free physical = 17600 ; free virtual = 36288
Phase 5 Rip-up And Reroute | Checksum: 27f49f7d0

Time (s): cpu = 00:00:08 ; elapsed = 00:00:07 . Memory (MB): peak = 3036.066 ; gain = 0.000 ; free physical = 17600 ; free virtual = 36288

Phase 6 Delay and Skew Optimization

Phase 6.1 Delay CleanUp
Phase 6.1 Delay CleanUp | Checksum: 27f49f7d0

Time (s): cpu = 00:00:08 ; elapsed = 00:00:07 . Memory (MB): peak = 3036.066 ; gain = 0.000 ; free physical = 17600 ; free virtual = 36288

Phase 6.2 Clock Skew Optimization
Phase 6.2 Clock Skew Optimization | Checksum: 27f49f7d0

Time (s): cpu = 00:00:08 ; elapsed = 00:00:07 . Memory (MB): peak = 3036.066 ; gain = 0.000 ; free physical = 17600 ; free virtual = 36288
Phase 6 Delay and Skew Optimization | Checksum: 27f49f7d0

Time (s): cpu = 00:00:08 ; elapsed = 00:00:07 . Memory (MB): peak = 3036.066 ; gain = 0.000 ; free physical = 17600 ; free virtual = 36288

Phase 7 Post Hold Fix

Phase 7.1 Hold Fix Iter
INFO: [Route 35-416] Intermediate Timing Summary | WNS=4.607  | TNS=0.000  | WHS=0.139  | THS=0.000  |

Phase 7.1 Hold Fix Iter | Checksum: 247f966f8

Time (s): cpu = 00:00:09 ; elapsed = 00:00:07 . Memory (MB): peak = 3036.066 ; gain = 0.000 ; free physical = 17600 ; free virtual = 36288
Phase 7 Post Hold Fix | Checksum: 247f966f8

Time (s): cpu = 00:00:09 ; elapsed = 00:00:07 . Memory (MB): peak = 3036.066 ; gain = 0.000 ; free physical = 17600 ; free virtual = 36288

Phase 8 Route finalize

Router Utilization Summary
  Global Vertical Routing Utilization    = 0.0790879 %
  Global Horizontal Routing Utilization  = 0.0691046 %
  Routable Net Status*
  *Does not include unroutable nets such as driverless and loadless.
  Run report_route_status for detailed report.
  Number of Failed Nets               = 0
    (Failed Nets is the sum of unrouted and partially routed nets)
  Number of Unrouted Nets             = 0
  Number of Partially Routed Nets     = 0
  Number of Node Overlaps             = 0

Phase 8 Route finalize | Checksum: 247f966f8

Time (s): cpu = 00:00:09 ; elapsed = 00:00:07 . Memory (MB): peak = 3036.066 ; gain = 0.000 ; free physical = 17600 ; free virtual = 36288

Phase 9 Verifying routed nets

 Verification completed successfully
Phase 9 Verifying routed nets | Checksum: 247f966f8

Time (s): cpu = 00:00:09 ; elapsed = 00:00:07 . Memory (MB): peak = 3036.066 ; gain = 0.000 ; free physical = 17600 ; free virtual = 36288

Phase 10 Depositing Routes
Phase 10 Depositing Routes | Checksum: 1eb47e559

Time (s): cpu = 00:00:09 ; elapsed = 00:00:07 . Memory (MB): peak = 3036.066 ; gain = 0.000 ; free physical = 17600 ; free virtual = 36288

Phase 11 Post Process Routing
Phase 11 Post Process Routing | Checksum: 1eb47e559

Time (s): cpu = 00:00:09 ; elapsed = 00:00:07 . Memory (MB): peak = 3036.066 ; gain = 0.000 ; free physical = 17600 ; free virtual = 36288

Phase 12 Post Router Timing
INFO: [Route 35-20] Post Routing Timing Summary | WNS=4.608  | TNS=0.000  | WHS=0.140  | THS=0.000  |

Phase 12 Post Router Timing | Checksum: 207e8cca2

Time (s): cpu = 00:00:09 ; elapsed = 00:00:07 . Memory (MB): peak = 3036.066 ; gain = 0.000 ; free physical = 17600 ; free virtual = 36288
INFO: [Route 35-61] The design met the timing requirement.
Total Elapsed time in route_design: 7.43 secs

Phase 13 Post-Route Event Processing
Phase 13 Post-Route Event Processing | Checksum: 1452e5722

Time (s): cpu = 00:00:09 ; elapsed = 00:00:07 . Memory (MB): peak = 3036.066 ; gain = 0.000 ; free physical = 17600 ; free virtual = 36288
INFO: [Route 35-16] Router Completed Successfully
Ending Routing Task | Checksum: 1452e5722

Time (s): cpu = 00:00:09 ; elapsed = 00:00:07 . Memory (MB): peak = 3036.066 ; gain = 0.000 ; free physical = 17600 ; free virtual = 36288

Routing Is Done.
INFO: [Common 17-83] Releasing license: Implementation
11 Infos, 0 Warnings, 0 Critical Warnings and 0 Errors encountered.
route_design completed successfully
route_design: Time (s): cpu = 00:00:09 ; elapsed = 00:00:07 . Memory (MB): peak = 3036.066 ; gain = 0.000 ; free physical = 17600 ; free virtual = 36288
# report_route_status -file $outputDir/post_route_status.rpt
# report_timing_summary -file $outputDir/post_route_timing_summary.rpt
# report_timing -file $outputDir/post_route_timing.rpt
INFO: [Timing 38-78] ReportTimingParams: -max_paths 1 -nworst 1 -delay_type max -sort_by slack.
# report_power -file $outputDir/post_route_power.rpt
Command: report_power -file obj/post_route_power.rpt
Running Vector-less Activity Propagation...

Finished Running Vector-less Activity Propagation
0 Infos, 0 Warnings, 0 Critical Warnings and 0 Errors encountered.
report_power completed successfully
# report_drc -file $outputDir/post_imp_drc.rpt
Command: report_drc -file obj/post_imp_drc.rpt
INFO: [IP_Flow 19-234] Refreshing IP repositories
INFO: [IP_Flow 19-1704] No user IP repositories specified
INFO: [IP_Flow 19-2313] Loaded Vivado IP repository '/tools/Xilinx/2025.1/Vivado/data/ip'.
INFO: [DRC 23-27] Running DRC with 4 threads
INFO: [Vivado_Tcl 2-168] The results of DRC are in file /home/fpga/worker_place/temp/temp/7ec3f0f6ce174be58ba3960c285282d0/obj/post_imp_drc.rpt.
report_drc completed successfully
# write_bitstream -force $outputDir/final.bit
Command: write_bitstream -force obj/final.bit
Attempting to get a license for feature 'Implementation' and/or device 'xc7s50'
INFO: [Common 17-349] Got license for feature 'Implementation' and/or device 'xc7s50'
Running DRC as a precondition to command write_bitstream
INFO: [IP_Flow 19-1839] IP Catalog is up to date.
INFO: [DRC 23-27] Running DRC with 4 threads
INFO: [Vivado 12-3199] DRC finished with 0 Errors
INFO: [Vivado 12-3200] Please refer to the DRC report (report_drc) for more information.
INFO: [Designutils 20-2272] Running write_bitstream with 4 threads.
Loading data files...
Loading site data...
Loading route data...
Processing options...
Creating bitmap...
Creating bitstream...
Bitstream compression saved 15033568 bits.
Writing bitstream obj/final.bit...
INFO: [Vivado 12-1842] Bitgen Completed Successfully.
INFO: [Common 17-83] Releasing license: Implementation
8 Infos, 0 Warnings, 0 Critical Warnings and 0 Errors encountered.
write_bitstream completed successfully
write_bitstream: Time (s): cpu = 00:00:05 ; elapsed = 00:00:23 . Memory (MB): peak = 3256.781 ; gain = 208.641 ; free physical = 17385 ; free virtual = 36074
INFO: [Common 17-206] Exiting Vivado at Wed Apr 29 15:47:40 2026...
